2026-07-17 05:34:46,976 - VisionService.API.middleware - INFO - D:\Graduation_Project\VisionService\VisionService\API\middleware.py:26 - Middleware configured successfully
2026-07-17 05:36:19,703 - VisionService.API - INFO - D:\Graduation_Project\VisionService\VisionService\API\routes.py:48 - [e8d0e80e] Received file: image2pipe.jpg
2026-07-17 05:36:19,710 - VisionService.API - INFO - D:\Graduation_Project\VisionService\VisionService\API\routes.py:69 - [e8d0e80e] Saved file: uploads\e8d0e80e_image2pipe.jpg
2026-07-17 05:36:19,865 - VisionService.API - INFO - D:\Graduation_Project\VisionService\VisionService\API\routes.py:88 - [e8d0e80e] Image enhanced
2026-07-17 05:36:28,923 - VisionService.API - INFO - D:\Graduation_Project\VisionService\VisionService\API\routes.py:98 - [e8d0e80e] Prediction: Pipe_Damage (99.92%)
2026-07-17 05:36:28,925 - VisionService.API - INFO - D:\Graduation_Project\VisionService\VisionService\API\routes.py:135 - [e8d0e80e] Cleaned up temporary file
2026-07-17 05:36:52,012 - VisionService.API - INFO - D:\Graduation_Project\VisionService\VisionService\API\routes.py:161 - [abc9b45e] Received file (async): image9pipe.jpg
2026-07-17 05:36:52,015 - VisionService.API - INFO - D:\Graduation_Project\VisionService\VisionService\API\routes.py:182 - [abc9b45e] Saved file: uploads\abc9b45e_image9pipe.jpg
2026-07-17 05:40:24,872 - VisionService.API - INFO - D:\Graduation_Project\VisionService\VisionService\API\routes.py:161 - [8089a22d] Received file (async): image10block.jpg
2026-07-17 05:40:24,896 - VisionService.API - INFO - D:\Graduation_Project\VisionService\VisionService\API\routes.py:182 - [8089a22d] Saved file: uploads\8089a22d_image10block.jpg
2026-07-17 05:41:11,843 - VisionService.API - INFO - D:\Graduation_Project\VisionService\VisionService\API\routes.py:48 - [72c3615b] Received file: image35block.jpg
2026-07-17 05:41:11,846 - VisionService.API - INFO - D:\Graduation_Project\VisionService\VisionService\API\routes.py:69 - [72c3615b] Saved file: uploads\72c3615b_image35block.jpg
2026-07-17 05:41:12,027 - VisionService.API - INFO - D:\Graduation_Project\VisionService\VisionService\API\routes.py:88 - [72c3615b] Image enhanced
2026-07-17 05:41:14,341 - VisionService.API - INFO - D:\Graduation_Project\VisionService\VisionService\API\routes.py:98 - [72c3615b] Prediction: Blockage (79.93%)
2026-07-17 05:41:14,343 - VisionService.API - INFO - D:\Graduation_Project\VisionService\VisionService\API\routes.py:135 - [72c3615b] Cleaned up temporary file
2026-07-17 06:41:20,669 - VisionService.API.middleware - INFO - D:\Graduation_Project\VisionService\VisionService\API\middleware.py:26 - Middleware configured successfully
2026-07-17 06:43:08,232 - VisionService.API - INFO - D:\Graduation_Project\VisionService\VisionService\API\routes.py:51 - [9cfcec06] Received file: image9block.jpg
2026-07-17 06:43:08,236 - VisionService.API - INFO - D:\Graduation_Project\VisionService\VisionService\API\routes.py:72 - [9cfcec06] Saved file: uploads\9cfcec06_image9block.jpg
2026-07-17 06:43:08,396 - VisionService.API - INFO - D:\Graduation_Project\VisionService\VisionService\API\routes.py:91 - [9cfcec06] Image enhanced
2026-07-17 06:43:22,890 - VisionService.API - INFO - D:\Graduation_Project\VisionService\VisionService\API\routes.py:104 - [9cfcec06] Prediction: Blockage (97.06%)
2026-07-17 06:43:22,898 - VisionService.API - ERROR - D:\Graduation_Project\VisionService\VisionService\API\routes.py:164 - [9cfcec06] Error: unsupported operand type(s) for +: 'int' and 'str'
2026-07-17 06:43:22,903 - VisionService.API - INFO - D:\Graduation_Project\VisionService\VisionService\API\routes.py:172 - [9cfcec06] Cleaned up temporary file
2026-07-17 06:47:20,030 - VisionService.API.middleware - INFO - D:\Graduation_Project\VisionService\VisionService\API\middleware.py:26 - Middleware configured successfully
2026-07-17 06:48:54,055 - VisionService.API - INFO - D:\Graduation_Project\VisionService\VisionService\API\routes.py:51 - [b3f279a8] Received file: image5block.jpg
2026-07-17 06:48:54,065 - VisionService.API - INFO - D:\Graduation_Project\VisionService\VisionService\API\routes.py:72 - [b3f279a8] Saved file: uploads\b3f279a8_image5block.jpg
2026-07-17 06:48:54,260 - VisionService.API - INFO - D:\Graduation_Project\VisionService\VisionService\API\routes.py:91 - [b3f279a8] Image enhanced
2026-07-17 06:49:09,376 - VisionService.API - INFO - D:\Graduation_Project\VisionService\VisionService\API\routes.py:104 - [b3f279a8] Prediction: Blockage (95.99%)
2026-07-17 06:49:09,382 - VisionService.API - ERROR - D:\Graduation_Project\VisionService\VisionService\API\routes.py:164 - [b3f279a8] Error: unsupported operand type(s) for +: 'int' and 'dict'
2026-07-17 06:49:09,389 - VisionService.API - INFO - D:\Graduation_Project\VisionService\VisionService\API\routes.py:172 - [b3f279a8] Cleaned up temporary file
2026-07-17 06:49:36,481 - VisionService.API - INFO - D:\Graduation_Project\VisionService\VisionService\API\routes.py:197 - [02f1650f] Received file (async): image6block.jpg
2026-07-17 06:49:36,485 - VisionService.API - INFO - D:\Graduation_Project\VisionService\VisionService\API\routes.py:218 - [02f1650f] Saved file: uploads\02f1650f_image6block.jpg
2026-07-17 06:55:05,717 - VisionService.API.middleware - INFO - D:\Graduation_Project\VisionService\VisionService\API\middleware.py:26 - Middleware configured successfully
2026-07-17 06:56:06,587 - VisionService.API - INFO - D:\Graduation_Project\VisionService\VisionService\API\routes.py:51 - [3b8f345e] Received file: image20pipe.jpg
2026-07-17 06:56:06,592 - VisionService.API - INFO - D:\Graduation_Project\VisionService\VisionService\API\routes.py:72 - [3b8f345e] Saved file: uploads\3b8f345e_image20pipe.jpg
2026-07-17 06:56:06,789 - VisionService.API - INFO - D:\Graduation_Project\VisionService\VisionService\API\routes.py:91 - [3b8f345e] Image enhanced
2026-07-17 06:56:21,192 - VisionService.API - INFO - D:\Graduation_Project\VisionService\VisionService\API\routes.py:104 - [3b8f345e] Prediction: Pipe_Damage (76.71%)
2026-07-17 06:56:21,207 - VisionService.API - INFO - D:\Graduation_Project\VisionService\VisionService\API\routes.py:172 - [3b8f345e] Cleaned up temporary file
2026-07-17 06:57:00,253 - VisionService.API - INFO - D:\Graduation_Project\VisionService\VisionService\API\routes.py:197 - [2d38e86a] Received file (async): image19pipe.jpg
2026-07-17 06:57:00,256 - VisionService.API - INFO - D:\Graduation_Project\VisionService\VisionService\API\routes.py:218 - [2d38e86a] Saved file: uploads\2d38e86a_image19pipe.jpg
2026-07-17 06:58:23,872 - VisionService.API - INFO - D:\Graduation_Project\VisionService\VisionService\API\routes.py:51 - [ea34dc92] Received file: image2pipe.jpg
2026-07-17 06:58:23,878 - VisionService.API - INFO - D:\Graduation_Project\VisionService\VisionService\API\routes.py:72 - [ea34dc92] Saved file: uploads\ea34dc92_image2pipe.jpg
2026-07-17 06:58:24,039 - VisionService.API - INFO - D:\Graduation_Project\VisionService\VisionService\API\routes.py:91 - [ea34dc92] Image enhanced
2026-07-17 06:58:25,881 - VisionService.API - INFO - D:\Graduation_Project\VisionService\VisionService\API\routes.py:104 - [ea34dc92] Prediction: Pipe_Damage (99.92%)
2026-07-17 06:58:25,887 - VisionService.API - INFO - D:\Graduation_Project\VisionService\VisionService\API\routes.py:172 - [ea34dc92] Cleaned up temporary file
2026-07-17 06:59:22,127 - VisionService.API - INFO - D:\Graduation_Project\VisionService\VisionService\API\routes.py:51 - [5aa07912] Received file: image19overflow.jpg
2026-07-17 06:59:22,129 - VisionService.API - INFO - D:\Graduation_Project\VisionService\VisionService\API\routes.py:72 - [5aa07912] Saved file: uploads\5aa07912_image19overflow.jpg
2026-07-17 06:59:22,210 - VisionService.API - INFO - D:\Graduation_Project\VisionService\VisionService\API\routes.py:91 - [5aa07912] Image enhanced
2026-07-17 06:59:22,815 - VisionService.API - INFO - D:\Graduation_Project\VisionService\VisionService\API\routes.py:104 - [5aa07912] Prediction: Overflow (85.26%)
2026-07-17 06:59:22,819 - VisionService.API - INFO - D:\Graduation_Project\VisionService\VisionService\API\routes.py:172 - [5aa07912] Cleaned up temporary file
2026-07-17 09:59:12,327 - VisionService.API.middleware - INFO - D:\Graduation_Project\VisionService\VisionService\API\middleware.py:26 - Middleware configured successfully
2026-07-17 10:00:21,555 - VisionService.API - INFO - D:\Graduation_Project\VisionService\VisionService\API\routes.py:51 - [6f7b4e70] Received file: image10pipe.jpg
2026-07-17 10:00:21,564 - VisionService.API - INFO - D:\Graduation_Project\VisionService\VisionService\API\routes.py:72 - [6f7b4e70] Saved file: uploads\6f7b4e70_image10pipe.jpg
2026-07-17 10:00:21,723 - VisionService.API - INFO - D:\Graduation_Project\VisionService\VisionService\API\routes.py:91 - [6f7b4e70] Image enhanced
2026-07-17 10:00:29,360 - VisionService.API - INFO - D:\Graduation_Project\VisionService\VisionService\API\routes.py:104 - [6f7b4e70] Prediction: Pipe_Damage (77.39%)
2026-07-17 10:00:29,368 - VisionService.API - INFO - D:\Graduation_Project\VisionService\VisionService\API\routes.py:172 - [6f7b4e70] Cleaned up temporary file
2026-07-17 10:15:36,395 - VisionService.API.middleware - INFO - D:\Graduation_Project\VisionService\VisionService\API\middleware.py:26 - Middleware configured successfully
2026-07-17 10:17:03,253 - VisionService.API - INFO - D:\Graduation_Project\VisionService\VisionService\API\routes.py:120 - [8d36ff0d] Received file: image7pipe.jpg
2026-07-17 10:17:03,260 - VisionService.API - INFO - D:\Graduation_Project\VisionService\VisionService\API\routes.py:141 - [8d36ff0d] Saved file: uploads\8d36ff0d_image7pipe.jpg
2026-07-17 10:17:03,454 - VisionService.API - INFO - D:\Graduation_Project\VisionService\VisionService\API\routes.py:160 - [8d36ff0d] Image enhanced
2026-07-17 10:17:11,967 - VisionService.API - INFO - D:\Graduation_Project\VisionService\VisionService\API\routes.py:173 - [8d36ff0d] Prediction: Pipe_Damage (88.55%)
2026-07-17 10:17:11,976 - VisionService.API - INFO - D:\Graduation_Project\VisionService\VisionService\API\routes.py:225 - [8d36ff0d] Cleaned up temporary file
2026-07-17 10:17:50,440 - VisionService.API - INFO - D:\Graduation_Project\VisionService\VisionService\API\routes.py:250 - [2c4b8c9f] Received file (async): image9pipe.jpg
2026-07-17 10:17:50,442 - VisionService.API - INFO - D:\Graduation_Project\VisionService\VisionService\API\routes.py:269 - [2c4b8c9f] Saved file: uploads\2c4b8c9f_image9pipe.jpg
2026-07-24 11:53:41,042 - VisionService.API.middleware - INFO - D:\Graduation_Project\VisionService\VisionService\API\middleware.py:26 - Middleware configured successfully
2026-07-24 11:54:25,262 - VisionService.API - INFO - D:\Graduation_Project\VisionService\VisionService\API\routes.py:120 - [2e55dcdd] Received file: image25pipe.jpg
2026-07-24 11:54:25,268 - VisionService.API - INFO - D:\Graduation_Project\VisionService\VisionService\API\routes.py:141 - [2e55dcdd] Saved file: uploads\2e55dcdd_image25pipe.jpg
2026-07-24 11:54:25,378 - VisionService.API - INFO - D:\Graduation_Project\VisionService\VisionService\API\routes.py:160 - [2e55dcdd] Image enhanced
2026-07-24 11:54:46,658 - VisionService.API - INFO - D:\Graduation_Project\VisionService\VisionService\API\routes.py:178 - [2e55dcdd] Prediction: Pipe_Damage (99.92%)
2026-07-24 11:54:46,662 - VisionService.API - INFO - D:\Graduation_Project\VisionService\VisionService\API\routes.py:231 - [2e55dcdd] Cleaned up temporary file
2026-07-24 11:55:07,975 - VisionService.API - INFO - D:\Graduation_Project\VisionService\VisionService\API\routes.py:257 - [ade6c1fb] Received file (async): image9pipe.jpg
2026-07-24 11:55:07,978 - VisionService.API - INFO - D:\Graduation_Project\VisionService\VisionService\API\routes.py:278 - [ade6c1fb] Saved file: uploads\ade6c1fb_image9pipe.jpg
2026-07-24 11:55:37,746 - VisionService.API - INFO - D:\Graduation_Project\VisionService\VisionService\API\routes.py:120 - [ff55f3c4] Received file: image25pipe.jpg
2026-07-24 11:55:37,760 - VisionService.API - INFO - D:\Graduation_Project\VisionService\VisionService\API\routes.py:141 - [ff55f3c4] Saved file: uploads\ff55f3c4_image25pipe.jpg
2026-07-24 11:55:37,928 - VisionService.API - INFO - D:\Graduation_Project\VisionService\VisionService\API\routes.py:160 - [ff55f3c4] Image enhanced
2026-07-24 11:55:39,877 - VisionService.API - INFO - D:\Graduation_Project\VisionService\VisionService\API\routes.py:178 - [ff55f3c4] Prediction: Pipe_Damage (99.92%)
2026-07-24 11:55:39,881 - VisionService.API - INFO - D:\Graduation_Project\VisionService\VisionService\API\routes.py:231 - [ff55f3c4] Cleaned up temporary file
2026-07-24 11:55:51,012 - VisionService.API - INFO - D:\Graduation_Project\VisionService\VisionService\API\routes.py:120 - [641fbaf9] Received file: OIP (1).webp
2026-07-24 11:55:51,016 - VisionService.API - INFO - D:\Graduation_Project\VisionService\VisionService\API\routes.py:141 - [641fbaf9] Saved file: uploads\641fbaf9_OIP (1).webp
2026-07-24 11:55:51,428 - VisionService.API - INFO - D:\Graduation_Project\VisionService\VisionService\API\routes.py:160 - [641fbaf9] Image enhanced
2026-07-24 11:55:52,085 - VisionService.API - INFO - D:\Graduation_Project\VisionService\VisionService\API\routes.py:178 - [641fbaf9] Prediction: Overflow (98.44%)
2026-07-24 11:55:52,087 - VisionService.API - INFO - D:\Graduation_Project\VisionService\VisionService\API\routes.py:231 - [641fbaf9] Cleaned up temporary file
2026-07-24 11:56:06,862 - VisionService.API - INFO - D:\Graduation_Project\VisionService\VisionService\API\routes.py:120 - [b6f04432] Received file: OIP.webp
2026-07-24 11:56:06,866 - VisionService.API - INFO - D:\Graduation_Project\VisionService\VisionService\API\routes.py:141 - [b6f04432] Saved file: uploads\b6f04432_OIP.webp
2026-07-24 11:56:07,095 - VisionService.API - INFO - D:\Graduation_Project\VisionService\VisionService\API\routes.py:160 - [b6f04432] Image enhanced
2026-07-24 11:56:07,700 - VisionService.API - INFO - D:\Graduation_Project\VisionService\VisionService\API\routes.py:178 - [b6f04432] Prediction: Pipe_Damage (71.13%)
2026-07-24 11:56:07,702 - VisionService.API - INFO - D:\Graduation_Project\VisionService\VisionService\API\routes.py:231 - [b6f04432] Cleaned up temporary file
2026-07-24 11:57:51,617 - VisionService.API - INFO - D:\Graduation_Project\VisionService\VisionService\API\routes.py:120 - [3ec51cb4] Received file: OIP (2).webp
2026-07-24 11:57:51,640 - VisionService.API - INFO - D:\Graduation_Project\VisionService\VisionService\API\routes.py:141 - [3ec51cb4] Saved file: uploads\3ec51cb4_OIP (2).webp
2026-07-24 11:57:51,932 - VisionService.API - INFO - D:\Graduation_Project\VisionService\VisionService\API\routes.py:160 - [3ec51cb4] Image enhanced
2026-07-24 11:57:53,784 - VisionService.API - INFO - D:\Graduation_Project\VisionService\VisionService\API\routes.py:178 - [3ec51cb4] Prediction: Overflow (94.56%)
2026-07-24 11:57:53,788 - VisionService.API - INFO - D:\Graduation_Project\VisionService\VisionService\API\routes.py:231 - [3ec51cb4] Cleaned up temporary file
2026-07-24 12:00:11,489 - VisionService.API - INFO - D:\Graduation_Project\VisionService\VisionService\API\routes.py:120 - [10f54266] Received file: OIP (3).webp
2026-07-24 12:00:11,504 - VisionService.API - INFO - D:\Graduation_Project\VisionService\VisionService\API\routes.py:141 - [10f54266] Saved file: uploads\10f54266_OIP (3).webp
2026-07-24 12:00:11,666 - VisionService.API - INFO - D:\Graduation_Project\VisionService\VisionService\API\routes.py:160 - [10f54266] Image enhanced
2026-07-24 12:00:12,647 - VisionService.API - INFO - D:\Graduation_Project\VisionService\VisionService\API\routes.py:178 - [10f54266] Prediction: Blockage (44.38%)
2026-07-24 12:00:12,652 - VisionService.API - INFO - D:\Graduation_Project\VisionService\VisionService\API\routes.py:231 - [10f54266] Cleaned up temporary file
2026-07-24 12:00:44,759 - VisionService.API - INFO - D:\Graduation_Project\VisionService\VisionService\API\routes.py:120 - [bf30ec80] Received file: download.webp
2026-07-24 12:00:44,762 - VisionService.API - INFO - D:\Graduation_Project\VisionService\VisionService\API\routes.py:141 - [bf30ec80] Saved file: uploads\bf30ec80_download.webp
2026-07-24 12:00:44,857 - VisionService.API - INFO - D:\Graduation_Project\VisionService\VisionService\API\routes.py:160 - [bf30ec80] Image enhanced
2026-07-24 12:00:45,249 - VisionService.API - INFO - D:\Graduation_Project\VisionService\VisionService\API\routes.py:178 - [bf30ec80] Prediction: Pipe_Damage (54.11%)
2026-07-24 12:00:45,252 - VisionService.API - INFO - D:\Graduation_Project\VisionService\VisionService\API\routes.py:231 - [bf30ec80] Cleaned up temporary file
2026-07-24 12:00:57,351 - VisionService.API - INFO - D:\Graduation_Project\VisionService\VisionService\API\routes.py:120 - [ad0b050e] Received file: OIP (4).webp
2026-07-24 12:00:57,355 - VisionService.API - INFO - D:\Graduation_Project\VisionService\VisionService\API\routes.py:141 - [ad0b050e] Saved file: uploads\ad0b050e_OIP (4).webp
2026-07-24 12:00:57,498 - VisionService.API - INFO - D:\Graduation_Project\VisionService\VisionService\API\routes.py:160 - [ad0b050e] Image enhanced
2026-07-24 12:00:57,763 - VisionService.API - INFO - D:\Graduation_Project\VisionService\VisionService\API\routes.py:178 - [ad0b050e] Prediction: Pipe_Damage (43.20%)
2026-07-24 12:00:57,764 - VisionService.API - INFO - D:\Graduation_Project\VisionService\VisionService\API\routes.py:231 - [ad0b050e] Cleaned up temporary file
2026-07-24 12:08:04,963 - VisionService.API - INFO - D:\Graduation_Project\VisionService\VisionService\API\routes.py:120 - [b5bb8cbe] Received file: image35pipe.jpg
2026-07-24 12:08:04,985 - VisionService.API - INFO - D:\Graduation_Project\VisionService\VisionService\API\routes.py:141 - [b5bb8cbe] Saved file: uploads\b5bb8cbe_image35pipe.jpg
2026-07-24 12:08:05,136 - VisionService.API - INFO - D:\Graduation_Project\VisionService\VisionService\API\routes.py:160 - [b5bb8cbe] Image enhanced
2026-07-24 12:08:06,248 - VisionService.API - INFO - D:\Graduation_Project\VisionService\VisionService\API\routes.py:178 - [b5bb8cbe] Prediction: Pipe_Damage (90.70%)
2026-07-24 12:08:06,255 - VisionService.API - INFO - D:\Graduation_Project\VisionService\VisionService\API\routes.py:231 - [b5bb8cbe] Cleaned up temporary file
2026-07-30 11:17:14,315 - VisionService.API.middleware - INFO - D:\GRADUATION_PROJECT\VisionService\VisionService\API\middleware.py:26 - Middleware configured successfully
2026-07-30 11:21:29,949 - VisionService.API - INFO - D:\GRADUATION_PROJECT\VisionService\VisionService\API\routes.py:257 - [3cdb93ee] Received file (async): image33pipe.jpg
2026-07-30 11:21:29,959 - VisionService.API - INFO - D:\GRADUATION_PROJECT\VisionService\VisionService\API\routes.py:278 - [3cdb93ee] Saved file: uploads\3cdb93ee_image33pipe.jpg
2026-07-30 13:09:37,726 - VisionService.API.middleware - INFO - D:\GRADUATION_PROJECT\VisionService\VisionService\API\middleware.py:26 - Middleware configured successfully
2026-07-30 13:10:39,092 - VisionService.API - INFO - D:\GRADUATION_PROJECT\VisionService\VisionService\API\routes.py:120 - [bec89dc4] Received file: OIP (5).webp
2026-07-30 13:10:39,106 - VisionService.API - INFO - D:\GRADUATION_PROJECT\VisionService\VisionService\API\routes.py:141 - [bec89dc4] Saved file: uploads\bec89dc4_OIP (5).webp
2026-07-30 13:10:39,609 - VisionService.API - INFO - D:\GRADUATION_PROJECT\VisionService\VisionService\API\routes.py:160 - [bec89dc4] Image enhanced
2026-07-30 13:10:53,685 - VisionService.API - INFO - D:\GRADUATION_PROJECT\VisionService\VisionService\API\routes.py:178 - [bec89dc4] Prediction: Blockage (50.96%)
2026-07-30 13:10:53,686 - VisionService.API - INFO - D:\GRADUATION_PROJECT\VisionService\VisionService\API\routes.py:231 - [bec89dc4] Cleaned up temporary file
2026-08-03 06:07:11,434 - VisionService.API.middleware - INFO - D:\GRADUATION_PROJECT\VisionService\VisionService\API\middleware.py:26 - Middleware configured successfully
2026-08-03 06:10:33,525 - VisionService.API - INFO - D:\GRADUATION_PROJECT\VisionService\VisionService\API\routes.py:257 - [7ed9448b] Received file (async): image72pipe.jpg
2026-08-03 06:10:33,551 - VisionService.API - INFO - D:\GRADUATION_PROJECT\VisionService\VisionService\API\routes.py:278 - [7ed9448b] Saved file: uploads\7ed9448b_image72pipe.jpg
