2026-07-30 11:18:21,778 - VisionService.Worker - INFO - D:\GRADUATION_PROJECT\VisionService\VisionService\Worker\worker.py:103 - ============================================================
2026-07-30 11:18:21,781 - VisionService.Worker - INFO - D:\GRADUATION_PROJECT\VisionService\VisionService\Worker\worker.py:104 - Starting Vision Service Worker...
2026-07-30 11:18:21,785 - VisionService.Worker - INFO - D:\GRADUATION_PROJECT\VisionService\VisionService\Worker\worker.py:105 - RabbitMQ Host: localhost:5672
2026-07-30 11:18:21,787 - VisionService.Worker - INFO - D:\GRADUATION_PROJECT\VisionService\VisionService\Worker\worker.py:106 - Waiting for messages...
2026-07-30 11:18:21,790 - VisionService.Worker - INFO - D:\GRADUATION_PROJECT\VisionService\VisionService\Worker\worker.py:107 - Press Ctrl+C to stop
2026-07-30 11:18:21,793 - VisionService.Worker - INFO - D:\GRADUATION_PROJECT\VisionService\VisionService\Worker\worker.py:108 - ============================================================
2026-07-30 11:21:30,131 - VisionService.Worker - INFO - D:\GRADUATION_PROJECT\VisionService\VisionService\Worker\worker.py:40 - [3cdb93ee] Processing started
2026-07-30 11:21:30,583 - VisionService.Worker - INFO - D:\GRADUATION_PROJECT\VisionService\VisionService\Worker\worker.py:60 - [3cdb93ee] Image enhanced
2026-07-30 11:21:39,871 - VisionService.Worker - INFO - D:\GRADUATION_PROJECT\VisionService\VisionService\Worker\worker.py:67 - [3cdb93ee] Prediction: Pipe_Damage (94.19%) in 9.28s
2026-07-30 11:21:39,936 - VisionService.Worker - INFO - D:\GRADUATION_PROJECT\VisionService\VisionService\Worker\worker.py:76 - [3cdb93ee] Cleaned up enhanced image
2026-07-30 11:21:39,940 - VisionService.Worker - INFO - D:\GRADUATION_PROJECT\VisionService\VisionService\Worker\worker.py:82 - [3cdb93ee] Completed successfully (total: 9.82s)
2026-07-30 11:56:50,181 - VisionService.Worker - ERROR - D:\GRADUATION_PROJECT\VisionService\VisionService\Worker\worker.py:117 - Worker failed: (320, "CONNECTION_FORCED - broker forced connection closure with reason 'shutdown'")
2026-08-03 06:07:47,159 - VisionService.Worker - INFO - D:\GRADUATION_PROJECT\VisionService\VisionService\Worker\worker.py:103 - ============================================================
2026-08-03 06:07:47,160 - VisionService.Worker - INFO - D:\GRADUATION_PROJECT\VisionService\VisionService\Worker\worker.py:104 - Starting Vision Service Worker...
2026-08-03 06:07:47,161 - VisionService.Worker - INFO - D:\GRADUATION_PROJECT\VisionService\VisionService\Worker\worker.py:105 - RabbitMQ Host: localhost:5672
2026-08-03 06:07:47,162 - VisionService.Worker - INFO - D:\GRADUATION_PROJECT\VisionService\VisionService\Worker\worker.py:106 - Waiting for messages...
2026-08-03 06:07:47,163 - VisionService.Worker - INFO - D:\GRADUATION_PROJECT\VisionService\VisionService\Worker\worker.py:107 - Press Ctrl+C to stop
2026-08-03 06:07:47,163 - VisionService.Worker - INFO - D:\GRADUATION_PROJECT\VisionService\VisionService\Worker\worker.py:108 - ============================================================
2026-08-03 06:10:34,051 - VisionService.Worker - INFO - D:\GRADUATION_PROJECT\VisionService\VisionService\Worker\worker.py:40 - [7ed9448b] Processing started
2026-08-03 06:10:36,110 - VisionService.Worker - INFO - D:\GRADUATION_PROJECT\VisionService\VisionService\Worker\worker.py:60 - [7ed9448b] Image enhanced
2026-08-03 06:11:02,762 - VisionService.Worker - INFO - D:\GRADUATION_PROJECT\VisionService\VisionService\Worker\worker.py:67 - [7ed9448b] Prediction: Pipe_Damage (88.82%) in 26.65s
2026-08-03 06:11:02,865 - VisionService.Worker - INFO - D:\GRADUATION_PROJECT\VisionService\VisionService\Worker\worker.py:76 - [7ed9448b] Cleaned up enhanced image
2026-08-03 06:11:02,870 - VisionService.Worker - INFO - D:\GRADUATION_PROJECT\VisionService\VisionService\Worker\worker.py:82 - [7ed9448b] Completed successfully (total: 28.86s)
2026-08-03 07:47:47,341 - VisionService.Worker - ERROR - D:\GRADUATION_PROJECT\VisionService\VisionService\Worker\worker.py:117 - Worker failed: No activity or too many missed heartbeats in the last 600 seconds
